[crowdytheme.com/wp/arolax/film-production-agency/home-page/index.html]
[backblue.gif]
[fade.gif]
[index.html]
[crowdytheme.com/wp/arolax/film-production-agency/wp-content/cache/min/23/wp/arolax/film-production-agency/wp-content/plugins/animation-addons-for-elementor/assets/css/wcf-addons6366.css]
[crowdytheme.com/wp/arolax/film-production-agency/wp-content/cache/min/23/wp/arolax/film-production-agency/wp-content/plugins/extension-for-animation-addons/assets/css/magnific-popup6366.css]
[crowdytheme.com/wp/arolax/film-production-agency/wp-content/cache/min/23/wp/arolax/film-production-agency/wp-content/plugins/extension-for-animation-addons/assets/css/wcf-addons-ex6366.css]
[crowdytheme.com/wp/arolax/film-production-agency/wp-content/cache/min/23/wp/arolax/film-production-agency/wp-content/plugins/wcf-addons-pro/assets/css/wcf-addons-pro6366.css]
[crowdytheme.com/wp/arolax/film-production-agency/wp-content/themes/arolax/assets/css/meanmenu.min77ae.css]
[crowdytheme.com/wp/arolax/film-production-agency/wp-content/themes/arolax/assets/css/bootstrap.min77ae.css]
[crowdytheme.com/wp/arolax/film-production-agency/wp-content/cache/min/23/wp/arolax/film-production-agency/wp-content/themes/arolax/assets/css/mastera827.css]
[crowdytheme.com/wp/arolax/film-production-agency/wp-content/cache/min/23/wp/arolax/film-production-agency/wp-content/themes/arolax/assets/css/custom-icons.mina827.css]
[crowdytheme.com/wp/arolax/film-production-agency/wp-content/uploads/sites/23/elementor/css/custom-frontend-lite.min2150.css]
[crowdytheme.com/wp/arolax/film-production-agency/wp-content/cache/min/23/wp/arolax/film-production-agency/wp-content/plugins/elementor/assets/lib/swiper/v8/css/swiper.mina827.css]
[crowdytheme.com/wp/arolax/film-production-agency/wp-content/uploads/sites/23/elementor/css/post-32150.css]
[crowdytheme.com/wp/arolax/film-production-agency/wp-content/uploads/sites/23/elementor/css/global2a08.css]
[crowdytheme.com/wp/arolax/film-production-agency/wp-content/uploads/sites/23/elementor/css/post-193d923.css]
[crowdytheme.com/wp/arolax/film-production-agency/wp-includes/js/jquery/jquery-migrate.min5589.js]
[crowdytheme.com/wp/arolax/film-production-agency/wp-includes/js/jquery/jquery.minf43b.js]
[crowdytheme.com/wp/arolax/film-production-agency/wp-content/uploads/sites/23/2024/07/fav-brand.png]
[crowdytheme.com/wp/arolax/film-production-agency/wp-content/uploads/sites/23/2024/07/LogoA.png]
[crowdytheme.com/wp/arolax/film-production-agency/wp-content/plugins/arolax-essential/assets/images/bars/hamburger-icon-5.png]
[crowdytheme.com/wp/arolax/film-production-agency/wp-content/uploads/sites/23/2024/01/shape-5.png]
[crowdytheme.com/wp/arolax/film-production-agency/wp-content/uploads/sites/23/2024/01/shape-4.png]
[crowdytheme.com/wp/arolax/film-production-agency/wp-content/uploads/sites/23/2024/01/shape-6.png]
[crowdytheme.com/wp/arolax/film-production-agency/wp-content/uploads/sites/23/2024/01/award.png]
[crowdytheme.com/wp/arolax/film-production-agency/wp-content/uploads/sites/23/2024/01/logo-1-light.png]
[crowdytheme.com/wp/arolax/film-production-agency/wp-content/uploads/sites/23/2024/01/logo-2-light.png]
[crowdytheme.com/wp/arolax/film-production-agency/wp-content/uploads/sites/23/2024/01/logo-3-light.png]
[crowdytheme.com/wp/arolax/film-production-agency/wp-content/uploads/sites/23/2024/01/logo-4-light.png]
[crowdytheme.com/wp/arolax/film-production-agency/wp-content/uploads/sites/23/2024/01/logo-5-light.png]
[crowdytheme.com/wp/arolax/film-production-agency/wp-content/uploads/sites/23/2024/01/logo-6-light.png]
[crowdytheme.com/wp/arolax/film-production-agency/wp-content/uploads/sites/23/2024/01/logo-7-light.png]
[crowdytheme.com/wp/arolax/film-production-agency/wp-content/uploads/sites/23/2024/01/logo-8-light.png]
[crowdytheme.com/wp/arolax/film-production-agency/wp-content/uploads/sites/23/2024/01/down-short-arrow-.png]
[crowdytheme.com/wp/arolax/film-production-agency/wp-content/uploads/sites/23/elementor/css/custom-widget-icon-list.min6d3c.css]
[crowdytheme.com/wp/arolax/film-production-agency/wp-content/uploads/sites/23/elementor/css/post-244d923.css]
[crowdytheme.com/wp/arolax/film-production-agency/wp-content/cache/min/23/wp/arolax/film-production-agency/wp-content/plugins/animation-addons-for-elementor/assets/css/widgets/buttona827.css]
[crowdytheme.com/wp/arolax/film-production-agency/wp-content/cache/min/23/wp/arolax/film-production-agency/wp-content/plugins/animation-addons-for-elementor/assets/css/widgets/image-boxa827.css]
[crowdytheme.com/wp/arolax/film-production-agency/wp-content/cache/min/23/wp/arolax/film-production-agency/wp-content/plugins/extension-for-animation-addons/assets/css/widgets/video-boxa827.css]
[crowdytheme.com/wp/arolax/film-production-agency/wp-content/uploads/sites/23/elementor/css/post-255c605.css]
[crowdytheme.com/wp/arolax/film-production-agency/wp-content/cache/min/23/wp/arolax/film-production-agency/wp-content/plugins/extension-for-animation-addons/assets/css/widgets/mailchimpa827.css]
[crowdytheme.com/wp/arolax/film-production-agency/wp-content/plugins/arolax-essential/assets/js/wcf--global-core.min109c.js]
[crowdytheme.com/wp/arolax/film-production-agency/wp-content/cache/min/23/wp/arolax/film-production-agency/wp-content/plugins/animation-addons-for-elementor/assets/js/wcf-addonsa827.js]
[crowdytheme.com/wp/arolax/film-production-agency/wp-content/plugins/extension-for-animation-addons/assets/lib/gsap.min109c.js]
[crowdytheme.com/wp/arolax/film-production-agency/wp-content/plugins/extension-for-animation-addons/assets/lib/ScrollSmoother.min109c.js]
[crowdytheme.com/wp/arolax/film-production-agency/wp-content/plugins/extension-for-animation-addons/assets/lib/ScrollToPlugin.min109c.js]
[crowdytheme.com/wp/arolax/film-production-agency/wp-content/plugins/extension-for-animation-addons/assets/lib/ScrollTrigger.min109c.js]
[crowdytheme.com/wp/arolax/film-production-agency/wp-content/plugins/extension-for-animation-addons/assets/lib/SplitText.min109c.js]
[crowdytheme.com/wp/arolax/film-production-agency/wp-content/plugins/extension-for-animation-addons/assets/lib/jquery.magnific-popup.min109c.js]
[crowdytheme.com/wp/arolax/film-production-agency/wp-content/plugins/extension-for-animation-addons/assets/lib/mixitup.min109c.js]
[crowdytheme.com/wp/arolax/film-production-agency/wp-content/cache/min/23/wp/arolax/film-production-agency/wp-content/plugins/extension-for-animation-addons/assets/js/wcf-addons-exa827.js]
[crowdytheme.com/wp/arolax/film-production-agency/wp-content/cache/min/23/wp/arolax/film-production-agency/wp-content/plugins/wcf-addons-pro/assets/js/wcf-addons-proa827.js]
[crowdytheme.com/wp/arolax/film-production-agency/wp-content/themes/arolax/assets/js/bootstrap.bundle.min77ae.js]
[crowdytheme.com/wp/arolax/film-production-agency/wp-content/plugins/arolax-essential/assets/js/jquery.meanmenu.min109c.js]
[crowdytheme.com/wp/arolax/film-production-agency/wp-content/cache/min/23/wp/arolax/film-production-agency/wp-content/themes/arolax/assets/js/scripta827.js]
[crowdytheme.com/wp/arolax/film-production-agency/wp-content/cache/min/23/wp/arolax/film-production-agency/wp-content/plugins/arolax-essential/assets/js/widgets/header-preseta827.js]
[crowdytheme.com/wp/arolax/film-production-agency/wp-content/cache/min/23/wp/arolax/film-production-agency/wp-content/plugins/animation-addons-for-elementor/assets/js/widgets/slidera827.js]
[crowdytheme.com/wp/arolax/film-production-agency/wp-content/cache/min/23/wp/arolax/film-production-agency/wp-content/plugins/extension-for-animation-addons/assets/js/mailchimpa827.js]
[crowdytheme.com/wp/arolax/film-production-agency/wp-content/plugins/elementor/assets/js/webpack.runtime.mind5d5.js]
[crowdytheme.com/wp/arolax/film-production-agency/wp-content/plugins/elementor/assets/js/frontend-modules.mind5d5.js]
[crowdytheme.com/wp/arolax/film-production-agency/wp-content/plugins/elementor/assets/lib/waypoints/waypoints.min05da.js]
[crowdytheme.com/wp/arolax/film-production-agency/wp-includes/js/jquery/ui/core.minb37e.js]
[crowdytheme.com/wp/arolax/film-production-agency/wp-content/plugins/elementor/assets/js/frontend.mind5d5.js]
[crowdytheme.com/wp/arolax/film-production-agency/home-page/index.html]
[crowdytheme.com/wp/arolax/film-production-agency/wp-content/cache/min/23/wp/arolax/film-production-agency/wp-content/plugins/animation-addons-for-elementor/assets/css/wcf-addons6366.css]
[crowdytheme.com/wp/arolax/film-production-agency/wp-content/cache/min/23/wp/arolax/film-production-agency/wp-content/plugins/extension-for-animation-addons/assets/css/magnific-popup6366.css]
[crowdytheme.com/wp/arolax/film-production-agency/wp-content/cache/min/23/wp/arolax/film-production-agency/wp-content/plugins/extension-for-animation-addons/assets/css/wcf-addons-ex6366.css]
[crowdytheme.com/wp/arolax/film-production-agency/wp-content/cache/min/23/wp/arolax/film-production-agency/wp-content/plugins/wcf-addons-pro/assets/css/wcf-addons-pro6366.css]
[crowdytheme.com/wp/arolax/film-production-agency/wp-content/themes/arolax/assets/css/meanmenu.min77ae.css]
[crowdytheme.com/wp/arolax/film-production-agency/wp-content/themes/arolax/assets/css/bootstrap.min77ae.css]
[crowdytheme.com/wp/arolax/film-production-agency/wp-content/themes/arolax/assets/imgs/writer/go-top.png]
[crowdytheme.com/wp/arolax/film-production-agency/wp-content/cache/min/23/wp/arolax/film-production-agency/wp-content/themes/arolax/assets/css/mastera827.css]
[crowdytheme.com/wp/arolax/film-production-agency/wp-content/cache/min/23/wp/arolax/film-production-agency/wp-content/themes/arolax/assets/css/custom-icons.mina827.css]
[crowdytheme.com/wp/arolax/film-production-agency/wp-content/uploads/sites/23/elementor/css/custom-frontend-lite.min2150.css]
[crowdytheme.com/wp/arolax/film-production-agency/wp-content/cache/min/23/wp/arolax/film-production-agency/wp-content/plugins/elementor/assets/lib/swiper/v8/css/swiper.mina827.css]
[crowdytheme.com/wp/arolax/film-production-agency/wp-content/uploads/sites/23/elementor/css/post-32150.css]
[crowdytheme.com/wp/arolax/film-production-agency/wp-content/uploads/sites/23/elementor/css/global2a08.css]
[crowdytheme.com/wp/arolax/film-production-agency/wp-content/plugins/elementor/assets/images/placeholder.png]
[crowdytheme.com/wp/arolax/film-production-agency/wp-content/uploads/sites/23/elementor/css/post-193d923.css]
[crowdytheme.com/wp/arolax/film-production-agency/wp-includes/js/jquery/jquery.minf43b.js]
[crowdytheme.com/wp/arolax/film-production-agency/wp-includes/js/jquery/jquery-migrate.min5589.js]
[crowdytheme.com/wp/arolax/film-production-agency/wp-content/uploads/sites/23/elementor/css/custom-widget-icon-list.min6d3c.css]
[crowdytheme.com/wp/arolax/film-production-agency/wp-content/uploads/sites/23/elementor/css/post-244d923.css]
[crowdytheme.com/wp/arolax/film-production-agency/wp-content/plugins/animation-addons-for-elementor/assets/images/mask-btn.png]
[crowdytheme.com/wp/arolax/film-production-agency/wp-content/cache/min/23/wp/arolax/film-production-agency/wp-content/plugins/animation-addons-for-elementor/assets/css/widgets/buttona827.css]
[crowdytheme.com/wp/arolax/film-production-agency/wp-content/cache/min/23/wp/arolax/film-production-agency/wp-content/plugins/animation-addons-for-elementor/assets/css/widgets/image-boxa827.css]
[crowdytheme.com/wp/arolax/film-production-agency/wp-content/cache/min/23/wp/arolax/film-production-agency/wp-content/plugins/animation-addons-for-elementor/assets/css/widgets/brand-slidera827.css]
[crowdytheme.com/wp/arolax/film-production-agency/wp-content/cache/min/23/wp/arolax/film-production-agency/wp-content/plugins/extension-for-animation-addons/assets/css/widgets/video-boxa827.css]
[crowdytheme.com/wp/arolax/film-production-agency/wp-content/uploads/sites/23/elementor/css/post-255c605.css]
[crowdytheme.com/wp/arolax/film-production-agency/wp-content/cache/min/23/wp/arolax/film-production-agency/wp-content/plugins/extension-for-animation-addons/assets/css/widgets/mailchimpa827.css]
[crowdytheme.com/wp/arolax/film-production-agency/wp-content/plugins/arolax-essential/assets/js/wcf--global-core.min109c.js]
[crowdytheme.com/wp/arolax/film-production-agency/wp-content/cache/min/23/wp/arolax/film-production-agency/wp-content/plugins/animation-addons-for-elementor/assets/js/wcf-addonsa827.js]
[crowdytheme.com/wp/arolax/film-production-agency/wp-content/plugins/extension-for-animation-addons/assets/lib/gsap.min109c.js]
[crowdytheme.com/wp/arolax/film-production-agency/wp-content/plugins/extension-for-animation-addons/assets/lib/ScrollSmoother.min109c.js]
[crowdytheme.com/wp/arolax/film-production-agency/wp-content/plugins/extension-for-animation-addons/assets/lib/ScrollToPlugin.min109c.js]
[crowdytheme.com/wp/arolax/film-production-agency/wp-content/plugins/extension-for-animation-addons/assets/lib/ScrollTrigger.min109c.js]
[crowdytheme.com/wp/arolax/film-production-agency/wp-content/plugins/extension-for-animation-addons/assets/lib/SplitText.min109c.js]
[crowdytheme.com/wp/arolax/film-production-agency/wp-content/plugins/extension-for-animation-addons/assets/lib/jquery.magnific-popup.min109c.js]
[crowdytheme.com/wp/arolax/film-production-agency/wp-content/plugins/extension-for-animation-addons/assets/lib/mixitup.min109c.js]
[crowdytheme.com/wp/arolax/film-production-agency/wp-content/cache/min/23/wp/arolax/film-production-agency/wp-content/plugins/extension-for-animation-addons/assets/js/wcf-addons-exa827.js]
[crowdytheme.com/wp/arolax/film-production-agency/home-page/.part]
[crowdytheme.com/wp/arolax/film-production-agency/wp-content/cache/min/23/wp/arolax/film-production-agency/wp-content/plugins/wcf-addons-pro/assets/js/wcf-addons-proa827.js]
[crowdytheme.com/wp/arolax/film-production-agency/wp-content/themes/arolax/assets/js/bootstrap.bundle.min77ae.js]
[crowdytheme.com/wp/arolax/film-production-agency/wp-content/plugins/arolax-essential/assets/js/jquery.meanmenu.min109c.js]
[crowdytheme.com/wp/arolax/film-production-agency/wp-content/cache/min/23/wp/arolax/film-production-agency/wp-content/themes/arolax/assets/js/scripta827.js]
[crowdytheme.com/wp/arolax/film-production-agency/wp-content/plugins/wp-rocket/assets/js/heartbeatafc7.js]
[crowdytheme.com/wp/arolax/film-production-agency/wp-content/cache/min/23/wp/arolax/film-production-agency/wp-content/plugins/arolax-essential/assets/js/widgets/header-preseta827.js]
[crowdytheme.com/wp/arolax/film-production-agency/wp-content/cache/min/23/wp/arolax/film-production-agency/wp-content/plugins/animation-addons-for-elementor/assets/js/widgets/slidera827.js]
[crowdytheme.com/wp/arolax/film-production-agency/wp-content/cache/min/23/wp/arolax/film-production-agency/wp-content/plugins/extension-for-animation-addons/assets/js/mailchimpa827.js]
[crowdytheme.com/wp/arolax/film-production-agency/wp-content/plugins/elementor/assets/js/webpack.runtime.mind5d5.js]
[crowdytheme.com/wp/arolax/film-production-agency/wp-content/plugins/elementor/assets/js/frontend-modules.mind5d5.js]
[crowdytheme.com/wp/arolax/film-production-agency/wp-content/plugins/elementor/assets/lib/waypoints/waypoints.min05da.js]
[crowdytheme.com/wp/arolax/film-production-agency/wp-includes/js/jquery/ui/core.minb37e.js]
[crowdytheme.com/wp/arolax/film-production-agency/home-page/-negative.svg]
[crowdytheme.com/wp/arolax/film-production-agency/wp-content/plugins/elementor/assets/js/frontend.mind5d5.js]
[crowdytheme.com/wp/arolax/film-production-agency/wp-content/themes/arolax/assets/imgs/writer/go-top.html]
[crowdytheme.com/wp/arolax/film-production-agency/home-page/.html]
[crowdytheme.com/wp/arolax/film-production-agency/home-page/-negative.html]
[crowdytheme.com/wp/arolax/film-production-agency/home-page/OPR/index.html]
[crowdytheme.com/wp/arolax/film-production-agency/home-page/OPR/index.html]
